
R version 4.3.1 (2023-06-16) -- "Beagle Scouts"
Copyright (C) 2023 The R Foundation for Statistical Computing
Platform: x86_64-pc-linux-gnu (64-bit)

R is free software and comes with ABSOLUTELY NO WARRANTY.
You are welcome to redistribute it under certain conditions.
Type 'license()' or 'licence()' for distribution details.

  Natural language support but running in an English locale

R is a collaborative project with many contributors.
Type 'contributors()' for more information and
'citation()' on how to cite R or R packages in publications.

Type 'demo()' for some demos, 'help()' for on-line help, or
'help.start()' for an HTML browser interface to help.
Type 'q()' to quit R.

> pkgname <- "HVT"
> source(file.path(R.home("share"), "R", "examples-header.R"))
> options(warn = 1)
> base::assign(".ExTimings", "HVT-Ex.timings", pos = 'CheckExEnv')
> base::cat("name\tuser\tsystem\telapsed\n", file=base::get(".ExTimings", pos = 'CheckExEnv'))
> base::assign(".format_ptime",
+ function(x) {
+   if(!is.na(x[4L])) x[1L] <- x[1L] + x[4L]
+   if(!is.na(x[5L])) x[2L] <- x[2L] + x[5L]
+   options(OutDec = '.')
+   format(x[1L:3L], digits = 7L)
+ },
+ pos = 'CheckExEnv')
> 
> ### * </HEADER>
> library('HVT')
> 
> base::assign(".oldSearch", base::search(), pos = 'CheckExEnv')
> base::assign(".old_wd", base::getwd(), pos = 'CheckExEnv')
> cleanEx()
> nameEx("VQ_codebookSplit")
> ### * VQ_codebookSplit
> 
> flush(stderr()); flush(stdout())
> 
> base::assign(".ptime", proc.time(), pos = "CheckExEnv")
> ### Name: VQ_codebookSplit
> ### Title: VQ_codebookSplit
> ### Aliases: VQ_codebookSplit
> ### Keywords: internal
> 
> ### ** Examples
> 
> 
> 
> data("iris", package = "datasets")
> iris <- iris[, 1:2]
> 
> vqOutput <- VQ_codebookSplit(iris, quant.err = 0.5)
> 
> 
> 
> 
> base::assign(".dptime", (proc.time() - get(".ptime", pos = "CheckExEnv")), pos = "CheckExEnv")
> base::cat("VQ_codebookSplit", base::get(".format_ptime", pos = 'CheckExEnv')(get(".dptime", pos = "CheckExEnv")), "\n", file=base::get(".ExTimings", pos = 'CheckExEnv'), append=TRUE, sep="\t")
> cleanEx()
> nameEx("displayTable")
> ### * displayTable
> 
> flush(stderr()); flush(stdout())
> 
> base::assign(".ptime", proc.time(), pos = "CheckExEnv")
> ### Name: displayTable
> ### Title: Table for displaying summary
> ### Aliases: displayTable
> ### Keywords: EDA
> 
> ### ** Examples
> 
> dataset <- data.frame(date = as.numeric(time(EuStockMarkets)),
+                       DAX = EuStockMarkets[, "DAX"],
+                       SMI = EuStockMarkets[, "SMI"],
+                       CAC = EuStockMarkets[, "CAC"],
+                       FTSE = EuStockMarkets[, "FTSE"])
> hvt.results<- trainHVT(dataset,n_cells = 60, depth = 1, quant.err = 0.1,
+                        distance_metric = "L1_Norm", error_metric = "max",
+                        normalize = TRUE,quant_method = "kmeans")
Loading required namespace: deldir
Loading required namespace: Hmisc
Loading required namespace: splancs
Loading required namespace: conf.design
> displayTable(data = hvt.results[[3]]$compression_summary,
+ columnName = 'percentOfCellsBelowQuantizationErrorThreshold', 
+ value = 0.8, tableType = "compression")
<div style="border: 1px solid #ddd; padding: 0px; overflow-y: scroll; height:250px; overflow-x: scroll; width:100%; "><table class="table table-striped table-hover table-responsive" style="margin-left: auto; margin-right: auto;">
 <thead>
  <tr>
   <th style="text-align:center;position: sticky; top:0; background-color: #FFFFFF;"> segmentLevel </th>
   <th style="text-align:center;position: sticky; top:0; background-color: #FFFFFF;"> noOfCells </th>
   <th style="text-align:center;position: sticky; top:0; background-color: #FFFFFF;"> noOfCellsBelowQuantizationError </th>
   <th style="text-align:center;position: sticky; top:0; background-color: #FFFFFF;"> percentOfCellsBelowQuantizationErrorThreshold </th>
   <th style="text-align:center;position: sticky; top:0; background-color: #FFFFFF;"> parameters </th>
  </tr>
 </thead>
<tbody>
  <tr>
   <td style="text-align:center;"> 1 </td>
   <td style="text-align:center;"> 60 </td>
   <td style="text-align:center;"> 52 </td>
   <td style="text-align:center;"> <span style="     color: green !important;">0.87</span> </td>
   <td style="text-align:center;"> n_cells: 60 quant.err: 0.1 distance_metric: L1_Norm error_metric: max quant_method: kmeans </td>
  </tr>
</tbody>
</table></div>> 
> displayTable(data =hvt.results[[3]][['summary']], columnName= 'Quant.Error',
+  value = 0.1, tableType = "summary")
<div style="border: 1px solid #ddd; padding: 0px; overflow-y: scroll; height:500px; overflow-x: scroll; width:100%; "><table class="table table-striped table-hover table-responsive" style="margin-left: auto; margin-right: auto;">
 <thead>
  <tr>
   <th style="text-align:center;position: sticky; top:0; background-color: #FFFFFF;"> Segment.Level </th>
   <th style="text-align:center;position: sticky; top:0; background-color: #FFFFFF;"> Segment.Parent </th>
   <th style="text-align:center;position: sticky; top:0; background-color: #FFFFFF;"> Segment.Child </th>
   <th style="text-align:center;position: sticky; top:0; background-color: #FFFFFF;"> n </th>
   <th style="text-align:center;position: sticky; top:0; background-color: #FFFFFF;"> Cell.ID </th>
   <th style="text-align:center;position: sticky; top:0; background-color: #FFFFFF;"> Quant.Error </th>
   <th style="text-align:center;position: sticky; top:0; background-color: #FFFFFF;"> date </th>
   <th style="text-align:center;position: sticky; top:0; background-color: #FFFFFF;"> DAX </th>
   <th style="text-align:center;position: sticky; top:0; background-color: #FFFFFF;"> SMI </th>
   <th style="text-align:center;position: sticky; top:0; background-color: #FFFFFF;"> CAC </th>
   <th style="text-align:center;position: sticky; top:0; background-color: #FFFFFF;"> FTSE </th>
  </tr>
 </thead>
<tbody>
  <tr>
   <td style="text-align:center;"> 1 </td>
   <td style="text-align:center;"> 1 </td>
   <td style="text-align:center;"> 1 </td>
   <td style="text-align:center;"> 38 </td>
   <td style="text-align:center;"> 19 </td>
   <td style="text-align:center;"> <span style="     color: black !important;">0.06</span> </td>
   <td style="text-align:center;"> -0.59 </td>
   <td style="text-align:center;"> -0.45 </td>
   <td style="text-align:center;"> -0.41 </td>
   <td style="text-align:center;"> -0.15 </td>
   <td style="text-align:center;"> -0.45 </td>
  </tr>
  <tr>
   <td style="text-align:center;"> 1 </td>
   <td style="text-align:center;"> 1 </td>
   <td style="text-align:center;"> 2 </td>
   <td style="text-align:center;"> 50 </td>
   <td style="text-align:center;"> 23 </td>
   <td style="text-align:center;"> <span style="     color: black !important;">0.06</span> </td>
   <td style="text-align:center;"> -0.09 </td>
   <td style="text-align:center;"> -0.41 </td>
   <td style="text-align:center;"> -0.47 </td>
   <td style="text-align:center;"> -0.50 </td>
   <td style="text-align:center;"> -0.50 </td>
  </tr>
  <tr>
   <td style="text-align:center;"> 1 </td>
   <td style="text-align:center;"> 1 </td>
   <td style="text-align:center;"> 3 </td>
   <td style="text-align:center;"> 33 </td>
   <td style="text-align:center;"> 47 </td>
   <td style="text-align:center;"> <span style="     color: red !important;">0.12</span> </td>
   <td style="text-align:center;"> 1.31 </td>
   <td style="text-align:center;"> 1.25 </td>
   <td style="text-align:center;"> 1.30 </td>
   <td style="text-align:center;"> 1.04 </td>
   <td style="text-align:center;"> 1.32 </td>
  </tr>
  <tr>
   <td style="text-align:center;"> 1 </td>
   <td style="text-align:center;"> 1 </td>
   <td style="text-align:center;"> 4 </td>
   <td style="text-align:center;"> 48 </td>
   <td style="text-align:center;"> 28 </td>
   <td style="text-align:center;"> <span style="     color: black !important;">0.06</span> </td>
   <td style="text-align:center;"> 0.18 </td>
   <td style="text-align:center;"> -0.40 </td>
   <td style="text-align:center;"> -0.36 </td>
   <td style="text-align:center;"> -0.50 </td>
   <td style="text-align:center;"> -0.25 </td>
  </tr>
  <tr>
   <td style="text-align:center;"> 1 </td>
   <td style="text-align:center;"> 1 </td>
   <td style="text-align:center;"> 5 </td>
   <td style="text-align:center;"> 14 </td>
   <td style="text-align:center;"> 49 </td>
   <td style="text-align:center;"> <span style="     color: black !important;">0.06</span> </td>
   <td style="text-align:center;"> 1.41 </td>
   <td style="text-align:center;"> 1.45 </td>
   <td style="text-align:center;"> 1.58 </td>
   <td style="text-align:center;"> 1.11 </td>
   <td style="text-align:center;"> 1.49 </td>
  </tr>
  <tr>
   <td style="text-align:center;"> 1 </td>
   <td style="text-align:center;"> 1 </td>
   <td style="text-align:center;"> 6 </td>
   <td style="text-align:center;"> 16 </td>
   <td style="text-align:center;"> 22 </td>
   <td style="text-align:center;"> <span style="     color: black !important;">0.05</span> </td>
   <td style="text-align:center;"> -0.31 </td>
   <td style="text-align:center;"> -0.37 </td>
   <td style="text-align:center;"> -0.38 </td>
   <td style="text-align:center;"> -0.35 </td>
   <td style="text-align:center;"> -0.57 </td>
  </tr>
  <tr>
   <td style="text-align:center;"> 1 </td>
   <td style="text-align:center;"> 1 </td>
   <td style="text-align:center;"> 7 </td>
   <td style="text-align:center;"> 21 </td>
   <td style="text-align:center;"> 17 </td>
   <td style="text-align:center;"> <span style="     color: black !important;">0.04</span> </td>
   <td style="text-align:center;"> -0.68 </td>
   <td style="text-align:center;"> -0.56 </td>
   <td style="text-align:center;"> -0.54 </td>
   <td style="text-align:center;"> -0.11 </td>
   <td style="text-align:center;"> -0.51 </td>
  </tr>
  <tr>
   <td style="text-align:center;"> 1 </td>
   <td style="text-align:center;"> 1 </td>
   <td style="text-align:center;"> 8 </td>
   <td style="text-align:center;"> 18 </td>
   <td style="text-align:center;"> 52 </td>
   <td style="text-align:center;"> <span style="     color: black !important;">0.06</span> </td>
   <td style="text-align:center;"> 1.43 </td>
   <td style="text-align:center;"> 1.53 </td>
   <td style="text-align:center;"> 1.69 </td>
   <td style="text-align:center;"> 1.23 </td>
   <td style="text-align:center;"> 1.63 </td>
  </tr>
  <tr>
   <td style="text-align:center;"> 1 </td>
   <td style="text-align:center;"> 1 </td>
   <td style="text-align:center;"> 9 </td>
   <td style="text-align:center;"> 30 </td>
   <td style="text-align:center;"> 8 </td>
   <td style="text-align:center;"> <span style="     color: black !important;">0.08</span> </td>
   <td style="text-align:center;"> -1.22 </td>
   <td style="text-align:center;"> -0.75 </td>
   <td style="text-align:center;"> -0.91 </td>
   <td style="text-align:center;"> -0.61 </td>
   <td style="text-align:center;"> -1.08 </td>
  </tr>
  <tr>
   <td style="text-align:center;"> 1 </td>
   <td style="text-align:center;"> 1 </td>
   <td style="text-align:center;"> 10 </td>
   <td style="text-align:center;"> 31 </td>
   <td style="text-align:center;"> 13 </td>
   <td style="text-align:center;"> <span style="     color: black !important;">0.04</span> </td>
   <td style="text-align:center;"> -0.80 </td>
   <td style="text-align:center;"> -0.82 </td>
   <td style="text-align:center;"> -0.68 </td>
   <td style="text-align:center;"> -0.60 </td>
   <td style="text-align:center;"> -0.73 </td>
  </tr>
  <tr>
   <td style="text-align:center;"> 1 </td>
   <td style="text-align:center;"> 1 </td>
   <td style="text-align:center;"> 11 </td>
   <td style="text-align:center;"> 21 </td>
   <td style="text-align:center;"> 18 </td>
   <td style="text-align:center;"> <span style="     color: black !important;">0.06</span> </td>
   <td style="text-align:center;"> -0.27 </td>
   <td style="text-align:center;"> -0.46 </td>
   <td style="text-align:center;"> -0.48 </td>
   <td style="text-align:center;"> -0.53 </td>
   <td style="text-align:center;"> -0.62 </td>
  </tr>
  <tr>
   <td style="text-align:center;"> 1 </td>
   <td style="text-align:center;"> 1 </td>
   <td style="text-align:center;"> 12 </td>
   <td style="text-align:center;"> 43 </td>
   <td style="text-align:center;"> 40 </td>
   <td style="text-align:center;"> <span style="     color: black !important;">0.06</span> </td>
   <td style="text-align:center;"> 0.85 </td>
   <td style="text-align:center;"> 0.16 </td>
   <td style="text-align:center;"> 0.25 </td>
   <td style="text-align:center;"> -0.11 </td>
   <td style="text-align:center;"> 0.43 </td>
  </tr>
  <tr>
   <td style="text-align:center;"> 1 </td>
   <td style="text-align:center;"> 1 </td>
   <td style="text-align:center;"> 13 </td>
   <td style="text-align:center;"> 38 </td>
   <td style="text-align:center;"> 31 </td>
   <td style="text-align:center;"> <span style="     color: black !important;">0.05</span> </td>
   <td style="text-align:center;"> 0.36 </td>
   <td style="text-align:center;"> -0.33 </td>
   <td style="text-align:center;"> -0.18 </td>
   <td style="text-align:center;"> -0.74 </td>
   <td style="text-align:center;"> -0.04 </td>
  </tr>
  <tr>
   <td style="text-align:center;"> 1 </td>
   <td style="text-align:center;"> 1 </td>
   <td style="text-align:center;"> 14 </td>
   <td style="text-align:center;"> 40 </td>
   <td style="text-align:center;"> 25 </td>
   <td style="text-align:center;"> <span style="     color: black !important;">0.07</span> </td>
   <td style="text-align:center;"> -0.22 </td>
   <td style="text-align:center;"> -0.34 </td>
   <td style="text-align:center;"> -0.47 </td>
   <td style="text-align:center;"> -0.32 </td>
   <td style="text-align:center;"> -0.41 </td>
  </tr>
  <tr>
   <td style="text-align:center;"> 1 </td>
   <td style="text-align:center;"> 1 </td>
   <td style="text-align:center;"> 15 </td>
   <td style="text-align:center;"> 32 </td>
   <td style="text-align:center;"> 12 </td>
   <td style="text-align:center;"> <span style="     color: black !important;">0.05</span> </td>
   <td style="text-align:center;"> -0.90 </td>
   <td style="text-align:center;"> -0.81 </td>
   <td style="text-align:center;"> -0.75 </td>
   <td style="text-align:center;"> -0.52 </td>
   <td style="text-align:center;"> -0.75 </td>
  </tr>
  <tr>
   <td style="text-align:center;"> 1 </td>
   <td style="text-align:center;"> 1 </td>
   <td style="text-align:center;"> 16 </td>
   <td style="text-align:center;"> 36 </td>
   <td style="text-align:center;"> 20 </td>
   <td style="text-align:center;"> <span style="     color: black !important;">0.06</span> </td>
   <td style="text-align:center;"> -0.11 </td>
   <td style="text-align:center;"> -0.46 </td>
   <td style="text-align:center;"> -0.50 </td>
   <td style="text-align:center;"> -0.59 </td>
   <td style="text-align:center;"> -0.56 </td>
  </tr>
  <tr>
   <td style="text-align:center;"> 1 </td>
   <td style="text-align:center;"> 1 </td>
   <td style="text-align:center;"> 17 </td>
   <td style="text-align:center;"> 37 </td>
   <td style="text-align:center;"> 1 </td>
   <td style="text-align:center;"> <span style="     color: black !important;">0.06</span> </td>
   <td style="text-align:center;"> -1.51 </td>
   <td style="text-align:center;"> -0.89 </td>
   <td style="text-align:center;"> -1.04 </td>
   <td style="text-align:center;"> -0.87 </td>
   <td style="text-align:center;"> -1.16 </td>
  </tr>
  <tr>
   <td style="text-align:center;"> 1 </td>
   <td style="text-align:center;"> 1 </td>
   <td style="text-align:center;"> 18 </td>
   <td style="text-align:center;"> 13 </td>
   <td style="text-align:center;"> 34 </td>
   <td style="text-align:center;"> <span style="     color: black !important;">0.03</span> </td>
   <td style="text-align:center;"> 0.47 </td>
   <td style="text-align:center;"> -0.17 </td>
   <td style="text-align:center;"> -0.04 </td>
   <td style="text-align:center;"> -0.53 </td>
   <td style="text-align:center;"> 0.14 </td>
  </tr>
  <tr>
   <td style="text-align:center;"> 1 </td>
   <td style="text-align:center;"> 1 </td>
   <td style="text-align:center;"> 19 </td>
   <td style="text-align:center;"> 31 </td>
   <td style="text-align:center;"> 48 </td>
   <td style="text-align:center;"> <span style="     color: black !important;">0.1</span> </td>
   <td style="text-align:center;"> 1.24 </td>
   <td style="text-align:center;"> 1.43 </td>
   <td style="text-align:center;"> 1.37 </td>
   <td style="text-align:center;"> 1.21 </td>
   <td style="text-align:center;"> 1.37 </td>
  </tr>
  <tr>
   <td style="text-align:center;"> 1 </td>
   <td style="text-align:center;"> 1 </td>
   <td style="text-align:center;"> 20 </td>
   <td style="text-align:center;"> 21 </td>
   <td style="text-align:center;"> 54 </td>
   <td style="text-align:center;"> <span style="     color: red !important;">0.12</span> </td>
   <td style="text-align:center;"> 1.49 </td>
   <td style="text-align:center;"> 1.89 </td>
   <td style="text-align:center;"> 2.13 </td>
   <td style="text-align:center;"> 1.77 </td>
   <td style="text-align:center;"> 2.14 </td>
  </tr>
  <tr>
   <td style="text-align:center;"> 1 </td>
   <td style="text-align:center;"> 1 </td>
   <td style="text-align:center;"> 21 </td>
   <td style="text-align:center;"> 35 </td>
   <td style="text-align:center;"> 2 </td>
   <td style="text-align:center;"> <span style="     color: black !important;">0.07</span> </td>
   <td style="text-align:center;"> -1.70 </td>
   <td style="text-align:center;"> -0.84 </td>
   <td style="text-align:center;"> -1.00 </td>
   <td style="text-align:center;"> -0.81 </td>
   <td style="text-align:center;"> -1.04 </td>
  </tr>
  <tr>
   <td style="text-align:center;"> 1 </td>
   <td style="text-align:center;"> 1 </td>
   <td style="text-align:center;"> 22 </td>
   <td style="text-align:center;"> 37 </td>
   <td style="text-align:center;"> 39 </td>
   <td style="text-align:center;"> <span style="     color: black !important;">0.06</span> </td>
   <td style="text-align:center;"> 0.78 </td>
   <td style="text-align:center;"> 0.03 </td>
   <td style="text-align:center;"> 0.17 </td>
   <td style="text-align:center;"> -0.37 </td>
   <td style="text-align:center;"> 0.32 </td>
  </tr>
  <tr>
   <td style="text-align:center;"> 1 </td>
   <td style="text-align:center;"> 1 </td>
   <td style="text-align:center;"> 23 </td>
   <td style="text-align:center;"> 17 </td>
   <td style="text-align:center;"> 55 </td>
   <td style="text-align:center;"> <span style="     color: red !important;">0.12</span> </td>
   <td style="text-align:center;"> 1.53 </td>
   <td style="text-align:center;"> 2.17 </td>
   <td style="text-align:center;"> 2.32 </td>
   <td style="text-align:center;"> 2.32 </td>
   <td style="text-align:center;"> 2.32 </td>
  </tr>
  <tr>
   <td style="text-align:center;"> 1 </td>
   <td style="text-align:center;"> 1 </td>
   <td style="text-align:center;"> 24 </td>
   <td style="text-align:center;"> 28 </td>
   <td style="text-align:center;"> 36 </td>
   <td style="text-align:center;"> <span style="     color: black !important;">0.07</span> </td>
   <td style="text-align:center;"> 0.65 </td>
   <td style="text-align:center;"> -0.05 </td>
   <td style="text-align:center;"> 0.13 </td>
   <td style="text-align:center;"> -0.43 </td>
   <td style="text-align:center;"> 0.12 </td>
  </tr>
  <tr>
   <td style="text-align:center;"> 1 </td>
   <td style="text-align:center;"> 1 </td>
   <td style="text-align:center;"> 25 </td>
   <td style="text-align:center;"> 29 </td>
   <td style="text-align:center;"> 15 </td>
   <td style="text-align:center;"> <span style="     color: black !important;">0.05</span> </td>
   <td style="text-align:center;"> -0.75 </td>
   <td style="text-align:center;"> -0.70 </td>
   <td style="text-align:center;"> -0.60 </td>
   <td style="text-align:center;"> -0.44 </td>
   <td style="text-align:center;"> -0.72 </td>
  </tr>
  <tr>
   <td style="text-align:center;"> 1 </td>
   <td style="text-align:center;"> 1 </td>
   <td style="text-align:center;"> 26 </td>
   <td style="text-align:center;"> 34 </td>
   <td style="text-align:center;"> 14 </td>
   <td style="text-align:center;"> <span style="     color: black !important;">0.03</span> </td>
   <td style="text-align:center;"> -0.89 </td>
   <td style="text-align:center;"> -0.78 </td>
   <td style="text-align:center;"> -0.73 </td>
   <td style="text-align:center;"> -0.40 </td>
   <td style="text-align:center;"> -0.71 </td>
  </tr>
  <tr>
   <td style="text-align:center;"> 1 </td>
   <td style="text-align:center;"> 1 </td>
   <td style="text-align:center;"> 27 </td>
   <td style="text-align:center;"> 24 </td>
   <td style="text-align:center;"> 37 </td>
   <td style="text-align:center;"> <span style="     color: black !important;">0.05</span> </td>
   <td style="text-align:center;"> 0.60 </td>
   <td style="text-align:center;"> -0.03 </td>
   <td style="text-align:center;"> 0.13 </td>
   <td style="text-align:center;"> -0.26 </td>
   <td style="text-align:center;"> 0.19 </td>
  </tr>
  <tr>
   <td style="text-align:center;"> 1 </td>
   <td style="text-align:center;"> 1 </td>
   <td style="text-align:center;"> 28 </td>
   <td style="text-align:center;"> 8 </td>
   <td style="text-align:center;"> 57 </td>
   <td style="text-align:center;"> <span style="     color: red !important;">0.12</span> </td>
   <td style="text-align:center;"> 1.72 </td>
   <td style="text-align:center;"> 2.70 </td>
   <td style="text-align:center;"> 2.61 </td>
   <td style="text-align:center;"> 2.98 </td>
   <td style="text-align:center;"> 2.01 </td>
  </tr>
  <tr>
   <td style="text-align:center;"> 1 </td>
   <td style="text-align:center;"> 1 </td>
   <td style="text-align:center;"> 29 </td>
   <td style="text-align:center;"> 19 </td>
   <td style="text-align:center;"> 45 </td>
   <td style="text-align:center;"> <span style="     color: black !important;">0.07</span> </td>
   <td style="text-align:center;"> 1.13 </td>
   <td style="text-align:center;"> 0.98 </td>
   <td style="text-align:center;"> 1.04 </td>
   <td style="text-align:center;"> 0.74 </td>
   <td style="text-align:center;"> 1.06 </td>
  </tr>
  <tr>
   <td style="text-align:center;"> 1 </td>
   <td style="text-align:center;"> 1 </td>
   <td style="text-align:center;"> 30 </td>
   <td style="text-align:center;"> 44 </td>
   <td style="text-align:center;"> 29 </td>
   <td style="text-align:center;"> <span style="     color: black !important;">0.07</span> </td>
   <td style="text-align:center;"> -0.49 </td>
   <td style="text-align:center;"> -0.33 </td>
   <td style="text-align:center;"> -0.21 </td>
   <td style="text-align:center;"> 0.09 </td>
   <td style="text-align:center;"> -0.14 </td>
  </tr>
  <tr>
   <td style="text-align:center;"> 1 </td>
   <td style="text-align:center;"> 1 </td>
   <td style="text-align:center;"> 31 </td>
   <td style="text-align:center;"> 41 </td>
   <td style="text-align:center;"> 3 </td>
   <td style="text-align:center;"> <span style="     color: black !important;">0.07</span> </td>
   <td style="text-align:center;"> -1.18 </td>
   <td style="text-align:center;"> -0.89 </td>
   <td style="text-align:center;"> -0.96 </td>
   <td style="text-align:center;"> -0.83 </td>
   <td style="text-align:center;"> -1.24 </td>
  </tr>
  <tr>
   <td style="text-align:center;"> 1 </td>
   <td style="text-align:center;"> 1 </td>
   <td style="text-align:center;"> 32 </td>
   <td style="text-align:center;"> 54 </td>
   <td style="text-align:center;"> 38 </td>
   <td style="text-align:center;"> <span style="     color: black !important;">0.06</span> </td>
   <td style="text-align:center;"> 0.66 </td>
   <td style="text-align:center;"> 0.02 </td>
   <td style="text-align:center;"> 0.16 </td>
   <td style="text-align:center;"> -0.20 </td>
   <td style="text-align:center;"> 0.20 </td>
  </tr>
  <tr>
   <td style="text-align:center;"> 1 </td>
   <td style="text-align:center;"> 1 </td>
   <td style="text-align:center;"> 33 </td>
   <td style="text-align:center;"> 28 </td>
   <td style="text-align:center;"> 46 </td>
   <td style="text-align:center;"> <span style="     color: red !important;">0.11</span> </td>
   <td style="text-align:center;"> 1.21 </td>
   <td style="text-align:center;"> 1.07 </td>
   <td style="text-align:center;"> 1.20 </td>
   <td style="text-align:center;"> 0.89 </td>
   <td style="text-align:center;"> 1.16 </td>
  </tr>
  <tr>
   <td style="text-align:center;"> 1 </td>
   <td style="text-align:center;"> 1 </td>
   <td style="text-align:center;"> 34 </td>
   <td style="text-align:center;"> 36 </td>
   <td style="text-align:center;"> 27 </td>
   <td style="text-align:center;"> <span style="     color: black !important;">0.06</span> </td>
   <td style="text-align:center;"> -0.47 </td>
   <td style="text-align:center;"> -0.37 </td>
   <td style="text-align:center;"> -0.31 </td>
   <td style="text-align:center;"> -0.05 </td>
   <td style="text-align:center;"> -0.31 </td>
  </tr>
  <tr>
   <td style="text-align:center;"> 1 </td>
   <td style="text-align:center;"> 1 </td>
   <td style="text-align:center;"> 35 </td>
   <td style="text-align:center;"> 37 </td>
   <td style="text-align:center;"> 41 </td>
   <td style="text-align:center;"> <span style="     color: black !important;">0.07</span> </td>
   <td style="text-align:center;"> 0.92 </td>
   <td style="text-align:center;"> 0.30 </td>
   <td style="text-align:center;"> 0.32 </td>
   <td style="text-align:center;"> 0.10 </td>
   <td style="text-align:center;"> 0.50 </td>
  </tr>
  <tr>
   <td style="text-align:center;"> 1 </td>
   <td style="text-align:center;"> 1 </td>
   <td style="text-align:center;"> 36 </td>
   <td style="text-align:center;"> 16 </td>
   <td style="text-align:center;"> 60 </td>
   <td style="text-align:center;"> <span style="     color: black !important;">0.1</span> </td>
   <td style="text-align:center;"> 1.69 </td>
   <td style="text-align:center;"> 3.25 </td>
   <td style="text-align:center;"> 2.91 </td>
   <td style="text-align:center;"> 3.57 </td>
   <td style="text-align:center;"> 2.53 </td>
  </tr>
  <tr>
   <td style="text-align:center;"> 1 </td>
   <td style="text-align:center;"> 1 </td>
   <td style="text-align:center;"> 37 </td>
   <td style="text-align:center;"> 18 </td>
   <td style="text-align:center;"> 50 </td>
   <td style="text-align:center;"> <span style="     color: black !important;">0.07</span> </td>
   <td style="text-align:center;"> 1.23 </td>
   <td style="text-align:center;"> 1.67 </td>
   <td style="text-align:center;"> 1.49 </td>
   <td style="text-align:center;"> 1.35 </td>
   <td style="text-align:center;"> 1.41 </td>
  </tr>
  <tr>
   <td style="text-align:center;"> 1 </td>
   <td style="text-align:center;"> 1 </td>
   <td style="text-align:center;"> 38 </td>
   <td style="text-align:center;"> 29 </td>
   <td style="text-align:center;"> 16 </td>
   <td style="text-align:center;"> <span style="     color: black !important;">0.05</span> </td>
   <td style="text-align:center;"> -0.67 </td>
   <td style="text-align:center;"> -0.60 </td>
   <td style="text-align:center;"> -0.57 </td>
   <td style="text-align:center;"> -0.20 </td>
   <td style="text-align:center;"> -0.58 </td>
  </tr>
  <tr>
   <td style="text-align:center;"> 1 </td>
   <td style="text-align:center;"> 1 </td>
   <td style="text-align:center;"> 39 </td>
   <td style="text-align:center;"> 34 </td>
   <td style="text-align:center;"> 35 </td>
   <td style="text-align:center;"> <span style="     color: black !important;">0.05</span> </td>
   <td style="text-align:center;"> 0.51 </td>
   <td style="text-align:center;"> -0.09 </td>
   <td style="text-align:center;"> -0.06 </td>
   <td style="text-align:center;"> -0.43 </td>
   <td style="text-align:center;"> 0.18 </td>
  </tr>
  <tr>
   <td style="text-align:center;"> 1 </td>
   <td style="text-align:center;"> 1 </td>
   <td style="text-align:center;"> 40 </td>
   <td style="text-align:center;"> 35 </td>
   <td style="text-align:center;"> 56 </td>
   <td style="text-align:center;"> <span style="     color: red !important;">0.14</span> </td>
   <td style="text-align:center;"> 1.57 </td>
   <td style="text-align:center;"> 2.50 </td>
   <td style="text-align:center;"> 2.50 </td>
   <td style="text-align:center;"> 2.85 </td>
   <td style="text-align:center;"> 2.48 </td>
  </tr>
  <tr>
   <td style="text-align:center;"> 1 </td>
   <td style="text-align:center;"> 1 </td>
   <td style="text-align:center;"> 41 </td>
   <td style="text-align:center;"> 30 </td>
   <td style="text-align:center;"> 5 </td>
   <td style="text-align:center;"> <span style="     color: black !important;">0.04</span> </td>
   <td style="text-align:center;"> -1.45 </td>
   <td style="text-align:center;"> -0.79 </td>
   <td style="text-align:center;"> -0.97 </td>
   <td style="text-align:center;"> -0.63 </td>
   <td style="text-align:center;"> -1.06 </td>
  </tr>
  <tr>
   <td style="text-align:center;"> 1 </td>
   <td style="text-align:center;"> 1 </td>
   <td style="text-align:center;"> 42 </td>
   <td style="text-align:center;"> 13 </td>
   <td style="text-align:center;"> 53 </td>
   <td style="text-align:center;"> <span style="     color: red !important;">0.12</span> </td>
   <td style="text-align:center;"> 1.45 </td>
   <td style="text-align:center;"> 1.67 </td>
   <td style="text-align:center;"> 1.83 </td>
   <td style="text-align:center;"> 1.41 </td>
   <td style="text-align:center;"> 1.77 </td>
  </tr>
  <tr>
   <td style="text-align:center;"> 1 </td>
   <td style="text-align:center;"> 1 </td>
   <td style="text-align:center;"> 43 </td>
   <td style="text-align:center;"> 32 </td>
   <td style="text-align:center;"> 43 </td>
   <td style="text-align:center;"> <span style="     color: black !important;">0.07</span> </td>
   <td style="text-align:center;"> 1.03 </td>
   <td style="text-align:center;"> 0.65 </td>
   <td style="text-align:center;"> 0.67 </td>
   <td style="text-align:center;"> 0.61 </td>
   <td style="text-align:center;"> 0.75 </td>
  </tr>
  <tr>
   <td style="text-align:center;"> 1 </td>
   <td style="text-align:center;"> 1 </td>
   <td style="text-align:center;"> 44 </td>
   <td style="text-align:center;"> 32 </td>
   <td style="text-align:center;"> 9 </td>
   <td style="text-align:center;"> <span style="     color: black !important;">0.05</span> </td>
   <td style="text-align:center;"> -1.36 </td>
   <td style="text-align:center;"> -0.72 </td>
   <td style="text-align:center;"> -0.92 </td>
   <td style="text-align:center;"> -0.45 </td>
   <td style="text-align:center;"> -1.00 </td>
  </tr>
  <tr>
   <td style="text-align:center;"> 1 </td>
   <td style="text-align:center;"> 1 </td>
   <td style="text-align:center;"> 45 </td>
   <td style="text-align:center;"> 66 </td>
   <td style="text-align:center;"> 4 </td>
   <td style="text-align:center;"> <span style="     color: black !important;">0.05</span> </td>
   <td style="text-align:center;"> -1.61 </td>
   <td style="text-align:center;"> -0.85 </td>
   <td style="text-align:center;"> -1.01 </td>
   <td style="text-align:center;"> -0.64 </td>
   <td style="text-align:center;"> -0.99 </td>
  </tr>
  <tr>
   <td style="text-align:center;"> 1 </td>
   <td style="text-align:center;"> 1 </td>
   <td style="text-align:center;"> 46 </td>
   <td style="text-align:center;"> 21 </td>
   <td style="text-align:center;"> 7 </td>
   <td style="text-align:center;"> <span style="     color: black !important;">0.03</span> </td>
   <td style="text-align:center;"> -1.37 </td>
   <td style="text-align:center;"> -0.75 </td>
   <td style="text-align:center;"> -0.93 </td>
   <td style="text-align:center;"> -0.51 </td>
   <td style="text-align:center;"> -1.15 </td>
  </tr>
  <tr>
   <td style="text-align:center;"> 1 </td>
   <td style="text-align:center;"> 1 </td>
   <td style="text-align:center;"> 47 </td>
   <td style="text-align:center;"> 34 </td>
   <td style="text-align:center;"> 33 </td>
   <td style="text-align:center;"> <span style="     color: black !important;">0.05</span> </td>
   <td style="text-align:center;"> 0.43 </td>
   <td style="text-align:center;"> -0.26 </td>
   <td style="text-align:center;"> -0.08 </td>
   <td style="text-align:center;"> -0.64 </td>
   <td style="text-align:center;"> 0.08 </td>
  </tr>
  <tr>
   <td style="text-align:center;"> 1 </td>
   <td style="text-align:center;"> 1 </td>
   <td style="text-align:center;"> 48 </td>
   <td style="text-align:center;"> 22 </td>
   <td style="text-align:center;"> 51 </td>
   <td style="text-align:center;"> <span style="     color: black !important;">0.08</span> </td>
   <td style="text-align:center;"> 1.32 </td>
   <td style="text-align:center;"> 1.52 </td>
   <td style="text-align:center;"> 1.44 </td>
   <td style="text-align:center;"> 1.34 </td>
   <td style="text-align:center;"> 1.71 </td>
  </tr>
  <tr>
   <td style="text-align:center;"> 1 </td>
   <td style="text-align:center;"> 1 </td>
   <td style="text-align:center;"> 49 </td>
   <td style="text-align:center;"> 31 </td>
   <td style="text-align:center;"> 11 </td>
   <td style="text-align:center;"> <span style="     color: black !important;">0.04</span> </td>
   <td style="text-align:center;"> -1.30 </td>
   <td style="text-align:center;"> -0.71 </td>
   <td style="text-align:center;"> -0.88 </td>
   <td style="text-align:center;"> -0.34 </td>
   <td style="text-align:center;"> -0.90 </td>
  </tr>
  <tr>
   <td style="text-align:center;"> 1 </td>
   <td style="text-align:center;"> 1 </td>
   <td style="text-align:center;"> 50 </td>
   <td style="text-align:center;"> 18 </td>
   <td style="text-align:center;"> 32 </td>
   <td style="text-align:center;"> <span style="     color: black !important;">0.04</span> </td>
   <td style="text-align:center;"> 0.31 </td>
   <td style="text-align:center;"> -0.24 </td>
   <td style="text-align:center;"> -0.24 </td>
   <td style="text-align:center;"> -0.60 </td>
   <td style="text-align:center;"> -0.03 </td>
  </tr>
  <tr>
   <td style="text-align:center;"> 1 </td>
   <td style="text-align:center;"> 1 </td>
   <td style="text-align:center;"> 51 </td>
   <td style="text-align:center;"> 16 </td>
   <td style="text-align:center;"> 42 </td>
   <td style="text-align:center;"> <span style="     color: black !important;">0.06</span> </td>
   <td style="text-align:center;"> 0.98 </td>
   <td style="text-align:center;"> 0.44 </td>
   <td style="text-align:center;"> 0.45 </td>
   <td style="text-align:center;"> 0.38 </td>
   <td style="text-align:center;"> 0.67 </td>
  </tr>
  <tr>
   <td style="text-align:center;"> 1 </td>
   <td style="text-align:center;"> 1 </td>
   <td style="text-align:center;"> 52 </td>
   <td style="text-align:center;"> 50 </td>
   <td style="text-align:center;"> 21 </td>
   <td style="text-align:center;"> <span style="     color: black !important;">0.08</span> </td>
   <td style="text-align:center;"> 0.03 </td>
   <td style="text-align:center;"> -0.43 </td>
   <td style="text-align:center;"> -0.48 </td>
   <td style="text-align:center;"> -0.71 </td>
   <td style="text-align:center;"> -0.54 </td>
  </tr>
  <tr>
   <td style="text-align:center;"> 1 </td>
   <td style="text-align:center;"> 1 </td>
   <td style="text-align:center;"> 53 </td>
   <td style="text-align:center;"> 68 </td>
   <td style="text-align:center;"> 10 </td>
   <td style="text-align:center;"> <span style="     color: black !important;">0.09</span> </td>
   <td style="text-align:center;"> -1.02 </td>
   <td style="text-align:center;"> -0.92 </td>
   <td style="text-align:center;"> -0.82 </td>
   <td style="text-align:center;"> -0.74 </td>
   <td style="text-align:center;"> -0.82 </td>
  </tr>
  <tr>
   <td style="text-align:center;"> 1 </td>
   <td style="text-align:center;"> 1 </td>
   <td style="text-align:center;"> 54 </td>
   <td style="text-align:center;"> 31 </td>
   <td style="text-align:center;"> 24 </td>
   <td style="text-align:center;"> <span style="     color: black !important;">0.05</span> </td>
   <td style="text-align:center;"> 0.10 </td>
   <td style="text-align:center;"> -0.52 </td>
   <td style="text-align:center;"> -0.50 </td>
   <td style="text-align:center;"> -0.61 </td>
   <td style="text-align:center;"> -0.39 </td>
  </tr>
  <tr>
   <td style="text-align:center;"> 1 </td>
   <td style="text-align:center;"> 1 </td>
   <td style="text-align:center;"> 55 </td>
   <td style="text-align:center;"> 18 </td>
   <td style="text-align:center;"> 59 </td>
   <td style="text-align:center;"> <span style="     color: red !important;">0.13</span> </td>
   <td style="text-align:center;"> 1.68 </td>
   <td style="text-align:center;"> 3.05 </td>
   <td style="text-align:center;"> 2.74 </td>
   <td style="text-align:center;"> 3.36 </td>
   <td style="text-align:center;"> 2.38 </td>
  </tr>
  <tr>
   <td style="text-align:center;"> 1 </td>
   <td style="text-align:center;"> 1 </td>
   <td style="text-align:center;"> 56 </td>
   <td style="text-align:center;"> 37 </td>
   <td style="text-align:center;"> 30 </td>
   <td style="text-align:center;"> <span style="     color: black !important;">0.05</span> </td>
   <td style="text-align:center;"> 0.26 </td>
   <td style="text-align:center;"> -0.28 </td>
   <td style="text-align:center;"> -0.32 </td>
   <td style="text-align:center;"> -0.49 </td>
   <td style="text-align:center;"> -0.10 </td>
  </tr>
  <tr>
   <td style="text-align:center;"> 1 </td>
   <td style="text-align:center;"> 1 </td>
   <td style="text-align:center;"> 57 </td>
   <td style="text-align:center;"> 45 </td>
   <td style="text-align:center;"> 26 </td>
   <td style="text-align:center;"> <span style="     color: black !important;">0.05</span> </td>
   <td style="text-align:center;"> -0.36 </td>
   <td style="text-align:center;"> -0.29 </td>
   <td style="text-align:center;"> -0.36 </td>
   <td style="text-align:center;"> -0.14 </td>
   <td style="text-align:center;"> -0.46 </td>
  </tr>
  <tr>
   <td style="text-align:center;"> 1 </td>
   <td style="text-align:center;"> 1 </td>
   <td style="text-align:center;"> 58 </td>
   <td style="text-align:center;"> 30 </td>
   <td style="text-align:center;"> 44 </td>
   <td style="text-align:center;"> <span style="     color: black !important;">0.07</span> </td>
   <td style="text-align:center;"> 1.07 </td>
   <td style="text-align:center;"> 0.79 </td>
   <td style="text-align:center;"> 0.79 </td>
   <td style="text-align:center;"> 0.67 </td>
   <td style="text-align:center;"> 0.82 </td>
  </tr>
  <tr>
   <td style="text-align:center;"> 1 </td>
   <td style="text-align:center;"> 1 </td>
   <td style="text-align:center;"> 59 </td>
   <td style="text-align:center;"> 27 </td>
   <td style="text-align:center;"> 6 </td>
   <td style="text-align:center;"> <span style="     color: black !important;">0.09</span> </td>
   <td style="text-align:center;"> -1.10 </td>
   <td style="text-align:center;"> -0.97 </td>
   <td style="text-align:center;"> -0.90 </td>
   <td style="text-align:center;"> -0.91 </td>
   <td style="text-align:center;"> -0.99 </td>
  </tr>
  <tr>
   <td style="text-align:center;"> 1 </td>
   <td style="text-align:center;"> 1 </td>
   <td style="text-align:center;"> 60 </td>
   <td style="text-align:center;"> 25 </td>
   <td style="text-align:center;"> 58 </td>
   <td style="text-align:center;"> <span style="     color: black !important;">0.08</span> </td>
   <td style="text-align:center;"> 1.63 </td>
   <td style="text-align:center;"> 2.81 </td>
   <td style="text-align:center;"> 2.51 </td>
   <td style="text-align:center;"> 3.14 </td>
   <td style="text-align:center;"> 2.35 </td>
  </tr>
</tbody>
</table></div>> 
> 
> 
> base::assign(".dptime", (proc.time() - get(".ptime", pos = "CheckExEnv")), pos = "CheckExEnv")
> base::cat("displayTable", base::get(".format_ptime", pos = 'CheckExEnv')(get(".dptime", pos = "CheckExEnv")), "\n", file=base::get(".ExTimings", pos = 'CheckExEnv'), append=TRUE, sep="\t")
> cleanEx()
> nameEx("edaPlots")
> ### * edaPlots
> 
> flush(stderr()); flush(stdout())
> 
> base::assign(".ptime", proc.time(), pos = "CheckExEnv")
> ### Name: edaPlots
> ### Title: plots for data analysis
> ### Aliases: edaPlots
> ### Keywords: EDA
> 
> ### ** Examples
> 
> dataset <- data.frame(date = as.numeric(time(EuStockMarkets)),
+                       DAX = EuStockMarkets[, "DAX"],
+                       SMI = EuStockMarkets[, "SMI"],
+                       CAC = EuStockMarkets[, "CAC"],
+                       FTSE = EuStockMarkets[, "FTSE"])
> edaPlots(dataset, time_series = TRUE, time_column = 'date')
Warning: The dot-dot notation (`..count..`) was deprecated in ggplot2 3.4.0.
ℹ Please use `after_stat(count)` instead.
ℹ The deprecated feature was likely used in the HVT package.
  Please report the issue at <https://github.com/Mu-Sigma/HVT/issues>.
Warning: Use of `data[[column]]` is discouraged.
ℹ Use `.data[[column]]` instead.
`stat_bin()` using `bins = 30`. Pick better value with `binwidth`.
Warning: Use of `data[[column]]` is discouraged.
ℹ Use `.data[[column]]` instead.
Warning: Use of `data[[column]]` is discouraged.
ℹ Use `.data[[column]]` instead.
Warning: No shared levels found between `names(values)` of the manual scale and the
data's linetype values.
Warning: Use of `data[[column]]` is discouraged.
ℹ Use `.data[[column]]` instead.
`stat_bin()` using `bins = 30`. Pick better value with `binwidth`.
Warning: Use of `data[[column]]` is discouraged.
ℹ Use `.data[[column]]` instead.
Warning: Use of `data[[column]]` is discouraged.
ℹ Use `.data[[column]]` instead.
Warning: No shared levels found between `names(values)` of the manual scale and the
data's linetype values.
Warning: Use of `data[[column]]` is discouraged.
ℹ Use `.data[[column]]` instead.
`stat_bin()` using `bins = 30`. Pick better value with `binwidth`.
Warning: Use of `data[[column]]` is discouraged.
ℹ Use `.data[[column]]` instead.
Warning: Use of `data[[column]]` is discouraged.
ℹ Use `.data[[column]]` instead.
Warning: No shared levels found between `names(values)` of the manual scale and the
data's linetype values.
Warning: Use of `data[[column]]` is discouraged.
ℹ Use `.data[[column]]` instead.
`stat_bin()` using `bins = 30`. Pick better value with `binwidth`.
Warning: Use of `data[[column]]` is discouraged.
ℹ Use `.data[[column]]` instead.
Warning: Use of `data[[column]]` is discouraged.
ℹ Use `.data[[column]]` instead.
Warning: No shared levels found between `names(values)` of the manual scale and the
data's linetype values.
Warning: Use of `data[[column]]` is discouraged.
ℹ Use `.data[[column]]` instead.
`stat_bin()` using `bins = 30`. Pick better value with `binwidth`.
Warning: Use of `data[[column]]` is discouraged.
ℹ Use `.data[[column]]` instead.
Warning: Use of `data[[column]]` is discouraged.
ℹ Use `.data[[column]]` instead.
Warning: No shared levels found between `names(values)` of the manual scale and the
data's linetype values.
<table class="table table-striped table-hover table-responsive" style="margin-left: auto; margin-right: auto;">
 <thead>
  <tr>
   <th style="text-align:center;"> variable </th>
   <th style="text-align:center;"> min </th>
   <th style="text-align:center;"> 1st Quartile </th>
   <th style="text-align:center;"> median </th>
   <th style="text-align:center;"> mean </th>
   <th style="text-align:center;"> sd </th>
   <th style="text-align:center;"> 3rd Quartile </th>
   <th style="text-align:center;"> max </th>
   <th style="text-align:center;"> hist </th>
   <th style="text-align:center;"> n_row </th>
   <th style="text-align:center;"> n_missing </th>
  </tr>
 </thead>
<tbody>
  <tr>
   <td style="text-align:center;"> date </td>
   <td style="text-align:center;"> 1991.496 </td>
   <td style="text-align:center;"> 1993.284 </td>
   <td style="text-align:center;"> 1995.071 </td>
   <td style="text-align:center;"> 1995.071 </td>
   <td style="text-align:center;"> 2.0657 </td>
   <td style="text-align:center;"> 1996.859 </td>
   <td style="text-align:center;"> 1998.646 </td>
   <td style="text-align:center;"> ▇▇▇▇▇ </td>
   <td style="text-align:center;"> 1860 </td>
   <td style="text-align:center;"> 0 </td>
  </tr>
  <tr>
   <td style="text-align:center;"> DAX </td>
   <td style="text-align:center;"> 1402.340 </td>
   <td style="text-align:center;"> 1744.102 </td>
   <td style="text-align:center;"> 2140.565 </td>
   <td style="text-align:center;"> 2530.657 </td>
   <td style="text-align:center;"> 1084.7927 </td>
   <td style="text-align:center;"> 2722.367 </td>
   <td style="text-align:center;"> 6186.090 </td>
   <td style="text-align:center;"> ▇▂▂▁▁ </td>
   <td style="text-align:center;"> 1860 </td>
   <td style="text-align:center;"> 0 </td>
  </tr>
  <tr>
   <td style="text-align:center;"> SMI </td>
   <td style="text-align:center;"> 1587.400 </td>
   <td style="text-align:center;"> 2165.625 </td>
   <td style="text-align:center;"> 2796.350 </td>
   <td style="text-align:center;"> 3376.224 </td>
   <td style="text-align:center;"> 1663.0265 </td>
   <td style="text-align:center;"> 3812.425 </td>
   <td style="text-align:center;"> 8412.000 </td>
   <td style="text-align:center;"> ▇▃▁▁▁ </td>
   <td style="text-align:center;"> 1860 </td>
   <td style="text-align:center;"> 0 </td>
  </tr>
  <tr>
   <td style="text-align:center;"> CAC </td>
   <td style="text-align:center;"> 1611.000 </td>
   <td style="text-align:center;"> 1875.150 </td>
   <td style="text-align:center;"> 1992.300 </td>
   <td style="text-align:center;"> 2227.829 </td>
   <td style="text-align:center;"> 580.3142 </td>
   <td style="text-align:center;"> 2274.350 </td>
   <td style="text-align:center;"> 4388.500 </td>
   <td style="text-align:center;"> ▇▂▁▁▁ </td>
   <td style="text-align:center;"> 1860 </td>
   <td style="text-align:center;"> 0 </td>
  </tr>
  <tr>
   <td style="text-align:center;"> FTSE </td>
   <td style="text-align:center;"> 2281.000 </td>
   <td style="text-align:center;"> 2843.150 </td>
   <td style="text-align:center;"> 3246.600 </td>
   <td style="text-align:center;"> 3565.643 </td>
   <td style="text-align:center;"> 976.7155 </td>
   <td style="text-align:center;"> 3993.575 </td>
   <td style="text-align:center;"> 6179.000 </td>
   <td style="text-align:center;"> ▇▇▂▂▂ </td>
   <td style="text-align:center;"> 1860 </td>
   <td style="text-align:center;"> 0 </td>
  </tr>
</tbody>
</table>> 
> 
> 
> base::assign(".dptime", (proc.time() - get(".ptime", pos = "CheckExEnv")), pos = "CheckExEnv")
> base::cat("edaPlots", base::get(".format_ptime", pos = 'CheckExEnv')(get(".dptime", pos = "CheckExEnv")), "\n", file=base::get(".ExTimings", pos = 'CheckExEnv'), append=TRUE, sep="\t")
> cleanEx()
> nameEx("getTransitionProbability")
> ### * getTransitionProbability
> 
> flush(stderr()); flush(stdout())
> 
> base::assign(".ptime", proc.time(), pos = "CheckExEnv")
> ### Name: getTransitionProbability
> ### Title: Creating Transition Probabilities list
> ### Aliases: getTransitionProbability
> ### Keywords: Transition_or_Prediction
> 
> ### ** Examples
> 
> dataset <- data.frame(date = as.numeric(time(EuStockMarkets)),
+                       DAX = EuStockMarkets[, "DAX"],
+                       SMI = EuStockMarkets[, "SMI"],
+                       CAC = EuStockMarkets[, "CAC"],
+                       FTSE = EuStockMarkets[, "FTSE"])
> hvt.results<- trainHVT(dataset,n_cells = 60, depth = 1, quant.err = 0.1,
+                        distance_metric = "L1_Norm", error_metric = "max",
+                        normalize = TRUE,quant_method = "kmeans")
> scoring <- scoreHVT(dataset, hvt.results)

Execution halted
